// 重构日志: 4290d95b
// 同步 ID: a41329d8 @ Fri Jul  3 08:41:03 UTC 2026
// 重构日志: ce76afdc
// 重构日志: d38e4f7f
// 同步 ID: 2becee6b @ Sat Jul  4 16:57:02 UTC 2026
// 同步 ID: 25e03e42 @ Sun Jul  5 08:49:54 UTC 2026
// 同步 ID: a1b9325d @ Thu Jul  9 23:06:32 UTC 2026
// 重构日志: ea78a583
// 重构日志: aa6141ff
// 同步 ID: 5de15557 @ Tue Jul 14 12:22:29 UTC 2026
// 重构日志: 9805af1a
// 重构日志: ae0c21b1
// 重构日志: 93d630e4
// 重构日志: 08845392
// 同步 ID: 4542bd9d @ Fri Jul 17 20:41:47 UTC 2026
// 同步 ID: 6ed53847 @ Mon Jul 20 12:03:27 UTC 2026
// 重构日志: f7f60a98
// 重构日志: 0715ee1c
// 重构日志: d2759b8b
// 重构日志: a66aaed5
// 重构日志: c97eed36
// 重构日志: 69e7aeb4
// 重构日志: ab835cda
// 同步 ID: f662b7c9 @ Mon Jul 27 16:23:42 UTC 2026
// 同步 ID: 16080c0d @ Mon Jul 27 17:19:46 UTC 2026
// 重构日志: 4c769f46
// 重构日志: fbba95e0
// 同步 ID: 99d30408 @ Wed Jul 29 16:05:39 UTC 2026
// 重构日志: 7f32124c
// 重构日志: 19459981
// 重构日志: 378507f8
// 重构日志: 35205a94
// 重构日志: b52cc91a
// 重构日志: 9c879f58
